Copyright 1986-2022 Xilinx, Inc. All Rights Reserved.
------------------------------------------------------------------------------------
| Tool Version : Vivado v.2022.2 (win64) Build 3671981 Fri Oct 14 05:00:03 MDT 2022
| Date         : Thu May  7 12:12:49 2026
| Host         : ECEB-3022-15 running 64-bit major release  (build 9200)
| Command      : upgrade_ip
| Device       : xc7s50csga324-1
------------------------------------------------------------------------------------

Upgrade Log for IP 'mb_blink_hdmi_text_controller_0_1'

1. Summary
----------

SUCCESS in the upgrade of mb_blink_hdmi_text_controller_0_1 (uillinois.edu:user:hdmi_text_controller:1.0) from (Rev. 98) to (Rev. 99)






Copyright 1986-2022 Xilinx, Inc. All Rights Reserved.
------------------------------------------------------------------------------------
| Tool Version : Vivado v.2022.2 (win64) Build 3671981 Fri Oct 14 05:00:03 MDT 2022
| Date         : Thu May  7 11:39:01 2026
| Host         : ECEB-3022-15 running 64-bit major release  (build 9200)
| Command      : upgrade_ip
| Device       : xc7s50csga324-1
------------------------------------------------------------------------------------

Upgrade Log for IP 'mb_blink_hdmi_text_controller_0_1'

1. Summary
----------

SUCCESS in the upgrade of mb_blink_hdmi_text_controller_0_1 (uillinois.edu:user:hdmi_text_controller:1.0) from (Rev. 97) to (Rev. 98)






Copyright 1986-2022 Xilinx, Inc. All Rights Reserved.
------------------------------------------------------------------------------------
| Tool Version : Vivado v.2022.2 (win64) Build 3671981 Fri Oct 14 05:00:03 MDT 2022
| Date         : Thu May  7 11:06:04 2026
| Host         : ECEB-3022-15 running 64-bit major release  (build 9200)
| Command      : upgrade_ip
| Device       : xc7s50csga324-1
------------------------------------------------------------------------------------

Upgrade Log for IP 'mb_blink_hdmi_text_controller_0_1'

1. Summary
----------

SUCCESS in the upgrade of mb_blink_hdmi_text_controller_0_1 (uillinois.edu:user:hdmi_text_controller:1.0) from (Rev. 96) to (Rev. 97)






Copyright 1986-2022 Xilinx, Inc. All Rights Reserved.
------------------------------------------------------------------------------------
| Tool Version : Vivado v.2022.2 (win64) Build 3671981 Fri Oct 14 05:00:03 MDT 2022
| Date         : Thu May  7 09:30:29 2026
| Host         : ECEB-3022-15 running 64-bit major release  (build 9200)
| Command      : upgrade_ip
| Device       : xc7s50csga324-1
------------------------------------------------------------------------------------

Upgrade Log for IP 'mb_blink_hdmi_text_controller_0_1'

1. Summary
----------

SUCCESS in the upgrade of mb_blink_hdmi_text_controller_0_1 (uillinois.edu:user:hdmi_text_controller:1.0) from (Rev. 95) to (Rev. 96)






Copyright 1986-2022 Xilinx, Inc. All Rights Reserved.
------------------------------------------------------------------------------------
| Tool Version : Vivado v.2022.2 (win64) Build 3671981 Fri Oct 14 05:00:03 MDT 2022
| Date         : Thu May  7 08:56:58 2026
| Host         : ECEB-3022-15 running 64-bit major release  (build 9200)
| Command      : upgrade_ip
| Device       : xc7s50csga324-1
------------------------------------------------------------------------------------

Upgrade Log for IP 'mb_blink_hdmi_text_controller_0_1'

1. Summary
----------

CAUTION (success, with warnings) in the upgrade of mb_blink_hdmi_text_controller_0_1 (uillinois.edu:user:hdmi_text_controller:1.0) from (Rev. 94) to (Rev. 95)

After upgrade, an IP may have parameter and port differences compared to the original customization. Please review the parameters within the IP customization GUI to ensure proper functionality. Also, please review the updated IP instantiation template to ensure proper connectivity, and update your design if required.

2. Connection Warnings
----------------------

Detected external port differences while upgrading 'mb_blink_hdmi_text_controller_0_1'. These changes may impact your design.


-Upgrade has added port 'audio_pwm'

-Upgrade has added port 'audio_sd'







Copyright 1986-2022 Xilinx, Inc. All Rights Reserved.
------------------------------------------------------------------------------------
| Tool Version : Vivado v.2022.2 (win64) Build 3671981 Fri Oct 14 05:00:03 MDT 2022
| Date         : Thu May  7 07:15:10 2026
| Host         : ECEB-3022-15 running 64-bit major release  (build 9200)
| Command      : upgrade_ip
| Device       : xc7s50csga324-1
------------------------------------------------------------------------------------

Upgrade Log for IP 'mb_blink_hdmi_text_controller_0_1'

1. Summary
----------

SUCCESS in the upgrade of mb_blink_hdmi_text_controller_0_1 (uillinois.edu:user:hdmi_text_controller:1.0) from (Rev. 93) to (Rev. 94)






Copyright 1986-2022 Xilinx, Inc. All Rights Reserved.
------------------------------------------------------------------------------------
| Tool Version : Vivado v.2022.2 (win64) Build 3671981 Fri Oct 14 05:00:03 MDT 2022
| Date         : Thu May  7 06:54:20 2026
| Host         : ECEB-3022-15 running 64-bit major release  (build 9200)
| Command      : upgrade_ip
| Device       : xc7s50csga324-1
------------------------------------------------------------------------------------

Upgrade Log for IP 'mb_blink_hdmi_text_controller_0_1'

1. Summary
----------

SUCCESS in the upgrade of mb_blink_hdmi_text_controller_0_1 (uillinois.edu:user:hdmi_text_controller:1.0) from (Rev. 92) to (Rev. 93)






Copyright 1986-2022 Xilinx, Inc. All Rights Reserved.
------------------------------------------------------------------------------------
| Tool Version : Vivado v.2022.2 (win64) Build 3671981 Fri Oct 14 05:00:03 MDT 2022
| Date         : Thu May  7 02:38:00 2026
| Host         : ECEB-3022-15 running 64-bit major release  (build 9200)
| Command      : upgrade_ip
| Device       : xc7s50csga324-1
------------------------------------------------------------------------------------

Upgrade Log for IP 'mb_blink_hdmi_text_controller_0_1'

1. Summary
----------

SUCCESS in the upgrade of mb_blink_hdmi_text_controller_0_1 (uillinois.edu:user:hdmi_text_controller:1.0) from (Rev. 91) to (Rev. 92)






Copyright 1986-2022 Xilinx, Inc. All Rights Reserved.
------------------------------------------------------------------------------------
| Tool Version : Vivado v.2022.2 (win64) Build 3671981 Fri Oct 14 05:00:03 MDT 2022
| Date         : Thu May  7 01:51:48 2026
| Host         : ECEB-3022-15 running 64-bit major release  (build 9200)
| Command      : upgrade_ip
| Device       : xc7s50csga324-1
------------------------------------------------------------------------------------

Upgrade Log for IP 'mb_blink_hdmi_text_controller_0_1'

1. Summary
----------

SUCCESS in the upgrade of mb_blink_hdmi_text_controller_0_1 (uillinois.edu:user:hdmi_text_controller:1.0) from (Rev. 90) to (Rev. 91)






Copyright 1986-2022 Xilinx, Inc. All Rights Reserved.
------------------------------------------------------------------------------------
| Tool Version : Vivado v.2022.2 (win64) Build 3671981 Fri Oct 14 05:00:03 MDT 2022
| Date         : Thu May  7 00:32:19 2026
| Host         : ECEB-3022-15 running 64-bit major release  (build 9200)
| Command      : upgrade_ip
| Device       : xc7s50csga324-1
------------------------------------------------------------------------------------

Upgrade Log for IP 'mb_blink_hdmi_text_controller_0_1'

1. Summary
----------

SUCCESS in the upgrade of mb_blink_hdmi_text_controller_0_1 (uillinois.edu:user:hdmi_text_controller:1.0) from (Rev. 89) to (Rev. 90)






Copyright 1986-2022 Xilinx, Inc. All Rights Reserved.
------------------------------------------------------------------------------------
| Tool Version : Vivado v.2022.2 (win64) Build 3671981 Fri Oct 14 05:00:03 MDT 2022
| Date         : Wed May  6 22:05:33 2026
| Host         : ECEB-3022-15 running 64-bit major release  (build 9200)
| Command      : upgrade_ip
| Device       : xc7s50csga324-1
------------------------------------------------------------------------------------

Upgrade Log for IP 'mb_blink_hdmi_text_controller_0_1'

1. Summary
----------

SUCCESS in the upgrade of mb_blink_hdmi_text_controller_0_1 (uillinois.edu:user:hdmi_text_controller:1.0) from (Rev. 88) to (Rev. 89)






Copyright 1986-2022 Xilinx, Inc. All Rights Reserved.
------------------------------------------------------------------------------------
| Tool Version : Vivado v.2022.2 (win64) Build 3671981 Fri Oct 14 05:00:03 MDT 2022
| Date         : Wed May  6 19:11:25 2026
| Host         : ECEB-3022-15 running 64-bit major release  (build 9200)
| Command      : upgrade_ip
| Device       : xc7s50csga324-1
------------------------------------------------------------------------------------

Upgrade Log for IP 'mb_blink_hdmi_text_controller_0_1'

1. Summary
----------

SUCCESS in the upgrade of mb_blink_hdmi_text_controller_0_1 (uillinois.edu:user:hdmi_text_controller:1.0) from (Rev. 87) to (Rev. 88)






Copyright 1986-2022 Xilinx, Inc. All Rights Reserved.
------------------------------------------------------------------------------------
| Tool Version : Vivado v.2022.2 (win64) Build 3671981 Fri Oct 14 05:00:03 MDT 2022
| Date         : Wed May  6 18:33:36 2026
| Host         : ECEB-3022-15 running 64-bit major release  (build 9200)
| Command      : upgrade_ip
| Device       : xc7s50csga324-1
------------------------------------------------------------------------------------

Upgrade Log for IP 'mb_blink_hdmi_text_controller_0_1'

1. Summary
----------

SUCCESS in the upgrade of mb_blink_hdmi_text_controller_0_1 (uillinois.edu:user:hdmi_text_controller:1.0) from (Rev. 85) to (Rev. 87)






Copyright 1986-2022 Xilinx, Inc. All Rights Reserved.
------------------------------------------------------------------------------------
| Tool Version : Vivado v.2022.2 (win64) Build 3671981 Fri Oct 14 05:00:03 MDT 2022
| Date         : Wed May  6 18:00:37 2026
| Host         : ECEB-3022-15 running 64-bit major release  (build 9200)
| Command      : upgrade_ip
| Device       : xc7s50csga324-1
------------------------------------------------------------------------------------

Upgrade Log for IP 'mb_blink_hdmi_text_controller_0_1'

1. Summary
----------

SUCCESS in the upgrade of mb_blink_hdmi_text_controller_0_1 (uillinois.edu:user:hdmi_text_controller:1.0) from (Rev. 84) to (Rev. 85)






Copyright 1986-2022 Xilinx, Inc. All Rights Reserved.
------------------------------------------------------------------------------------
| Tool Version : Vivado v.2022.2 (win64) Build 3671981 Fri Oct 14 05:00:03 MDT 2022
| Date         : Wed May  6 17:08:27 2026
| Host         : ECEB-3022-15 running 64-bit major release  (build 9200)
| Command      : upgrade_ip
| Device       : xc7s50csga324-1
------------------------------------------------------------------------------------

Upgrade Log for IP 'mb_blink_hdmi_text_controller_0_1'

1. Summary
----------

SUCCESS in the upgrade of mb_blink_hdmi_text_controller_0_1 (uillinois.edu:user:hdmi_text_controller:1.0) from (Rev. 83) to (Rev. 84)






Copyright 1986-2022 Xilinx, Inc. All Rights Reserved.
------------------------------------------------------------------------------------
| Tool Version : Vivado v.2022.2 (win64) Build 3671981 Fri Oct 14 05:00:03 MDT 2022
| Date         : Wed May  6 16:39:39 2026
| Host         : ECEB-3022-15 running 64-bit major release  (build 9200)
| Command      : upgrade_ip
| Device       : xc7s50csga324-1
------------------------------------------------------------------------------------

Upgrade Log for IP 'mb_blink_hdmi_text_controller_0_1'

1. Summary
----------

SUCCESS in the upgrade of mb_blink_hdmi_text_controller_0_1 (uillinois.edu:user:hdmi_text_controller:1.0) from (Rev. 82) to (Rev. 83)






Copyright 1986-2022 Xilinx, Inc. All Rights Reserved.
------------------------------------------------------------------------------------
| Tool Version : Vivado v.2022.2 (win64) Build 3671981 Fri Oct 14 05:00:03 MDT 2022
| Date         : Wed May  6 15:40:40 2026
| Host         : ECEB-3022-15 running 64-bit major release  (build 9200)
| Command      : upgrade_ip
| Device       : xc7s50csga324-1
------------------------------------------------------------------------------------

Upgrade Log for IP 'mb_blink_hdmi_text_controller_0_1'

1. Summary
----------

SUCCESS in the upgrade of mb_blink_hdmi_text_controller_0_1 (uillinois.edu:user:hdmi_text_controller:1.0) from (Rev. 81) to (Rev. 82)






Copyright 1986-2022 Xilinx, Inc. All Rights Reserved.
------------------------------------------------------------------------------------
| Tool Version : Vivado v.2022.2 (win64) Build 3671981 Fri Oct 14 05:00:03 MDT 2022
| Date         : Wed May  6 14:31:08 2026
| Host         : ECEB-3022-15 running 64-bit major release  (build 9200)
| Command      : upgrade_ip
| Device       : xc7s50csga324-1
------------------------------------------------------------------------------------

Upgrade Log for IP 'mb_blink_hdmi_text_controller_0_1'

1. Summary
----------

SUCCESS in the upgrade of mb_blink_hdmi_text_controller_0_1 (uillinois.edu:user:hdmi_text_controller:1.0) from (Rev. 80) to (Rev. 81)






Copyright 1986-2022 Xilinx, Inc. All Rights Reserved.
------------------------------------------------------------------------------------
| Tool Version : Vivado v.2022.2 (win64) Build 3671981 Fri Oct 14 05:00:03 MDT 2022
| Date         : Wed May  6 02:30:19 2026
| Host         : ECEB-3022-15 running 64-bit major release  (build 9200)
| Command      : upgrade_ip
| Device       : xc7s50csga324-1
------------------------------------------------------------------------------------

Upgrade Log for IP 'mb_blink_hdmi_text_controller_0_1'

1. Summary
----------

SUCCESS in the upgrade of mb_blink_hdmi_text_controller_0_1 (uillinois.edu:user:hdmi_text_controller:1.0) from (Rev. 79) to (Rev. 80)






Copyright 1986-2022 Xilinx, Inc. All Rights Reserved.
------------------------------------------------------------------------------------
| Tool Version : Vivado v.2022.2 (win64) Build 3671981 Fri Oct 14 05:00:03 MDT 2022
| Date         : Wed May  6 02:17:29 2026
| Host         : ECEB-3022-15 running 64-bit major release  (build 9200)
| Command      : upgrade_ip
| Device       : xc7s50csga324-1
------------------------------------------------------------------------------------

Upgrade Log for IP 'mb_blink_hdmi_text_controller_0_1'

1. Summary
----------

SUCCESS in the upgrade of mb_blink_hdmi_text_controller_0_1 (uillinois.edu:user:hdmi_text_controller:1.0) from (Rev. 78) to (Rev. 79)






Copyright 1986-2022 Xilinx, Inc. All Rights Reserved.
------------------------------------------------------------------------------------
| Tool Version : Vivado v.2022.2 (win64) Build 3671981 Fri Oct 14 05:00:03 MDT 2022
| Date         : Wed May  6 00:59:42 2026
| Host         : ECEB-3022-15 running 64-bit major release  (build 9200)
| Command      : upgrade_ip
| Device       : xc7s50csga324-1
------------------------------------------------------------------------------------

Upgrade Log for IP 'mb_blink_hdmi_text_controller_0_1'

1. Summary
----------

SUCCESS in the upgrade of mb_blink_hdmi_text_controller_0_1 (uillinois.edu:user:hdmi_text_controller:1.0) from (Rev. 77) to (Rev. 78)






Copyright 1986-2022 Xilinx, Inc. All Rights Reserved.
------------------------------------------------------------------------------------
| Tool Version : Vivado v.2022.2 (win64) Build 3671981 Fri Oct 14 05:00:03 MDT 2022
| Date         : Wed May  6 00:30:28 2026
| Host         : ECEB-3022-15 running 64-bit major release  (build 9200)
| Command      : upgrade_ip
| Device       : xc7s50csga324-1
------------------------------------------------------------------------------------

Upgrade Log for IP 'mb_blink_hdmi_text_controller_0_1'

1. Summary
----------

SUCCESS in the upgrade of mb_blink_hdmi_text_controller_0_1 (uillinois.edu:user:hdmi_text_controller:1.0) from (Rev. 75) to (Rev. 77)






Copyright 1986-2022 Xilinx, Inc. All Rights Reserved.
------------------------------------------------------------------------------------
| Tool Version : Vivado v.2022.2 (win64) Build 3671981 Fri Oct 14 05:00:03 MDT 2022
| Date         : Tue May  5 23:00:33 2026
| Host         : ECEB-3022-15 running 64-bit major release  (build 9200)
| Command      : upgrade_ip
| Device       : xc7s50csga324-1
------------------------------------------------------------------------------------

Upgrade Log for IP 'mb_blink_hdmi_text_controller_0_1'

1. Summary
----------

SUCCESS in the upgrade of mb_blink_hdmi_text_controller_0_1 (uillinois.edu:user:hdmi_text_controller:1.0) from (Rev. 74) to (Rev. 75)






Copyright 1986-2022 Xilinx, Inc. All Rights Reserved.
------------------------------------------------------------------------------------
| Tool Version : Vivado v.2022.2 (win64) Build 3671981 Fri Oct 14 05:00:03 MDT 2022
| Date         : Tue May  5 20:08:27 2026
| Host         : ECEB-3022-15 running 64-bit major release  (build 9200)
| Command      : upgrade_ip
| Device       : xc7s50csga324-1
------------------------------------------------------------------------------------

Upgrade Log for IP 'mb_blink_hdmi_text_controller_0_1'

1. Summary
----------

SUCCESS in the upgrade of mb_blink_hdmi_text_controller_0_1 (uillinois.edu:user:hdmi_text_controller:1.0) from (Rev. 73) to (Rev. 74)






Copyright 1986-2022 Xilinx, Inc. All Rights Reserved.
------------------------------------------------------------------------------------
| Tool Version : Vivado v.2022.2 (win64) Build 3671981 Fri Oct 14 05:00:03 MDT 2022
| Date         : Tue May  5 19:27:29 2026
| Host         : ECEB-3022-15 running 64-bit major release  (build 9200)
| Command      : upgrade_ip
| Device       : xc7s50csga324-1
------------------------------------------------------------------------------------

Upgrade Log for IP 'mb_blink_hdmi_text_controller_0_1'

1. Summary
----------

SUCCESS in the upgrade of mb_blink_hdmi_text_controller_0_1 (uillinois.edu:user:hdmi_text_controller:1.0) from (Rev. 72) to (Rev. 73)






Copyright 1986-2022 Xilinx, Inc. All Rights Reserved.
------------------------------------------------------------------------------------
| Tool Version : Vivado v.2022.2 (win64) Build 3671981 Fri Oct 14 05:00:03 MDT 2022
| Date         : Tue May  5 19:05:57 2026
| Host         : ECEB-3022-15 running 64-bit major release  (build 9200)
| Command      : upgrade_ip
| Device       : xc7s50csga324-1
------------------------------------------------------------------------------------

Upgrade Log for IP 'mb_blink_hdmi_text_controller_0_1'

1. Summary
----------

SUCCESS in the upgrade of mb_blink_hdmi_text_controller_0_1 (uillinois.edu:user:hdmi_text_controller:1.0) from (Rev. 71) to (Rev. 72)






Copyright 1986-2022 Xilinx, Inc. All Rights Reserved.
------------------------------------------------------------------------------------
| Tool Version : Vivado v.2022.2 (win64) Build 3671981 Fri Oct 14 05:00:03 MDT 2022
| Date         : Tue May  5 18:39:14 2026
| Host         : ECEB-3022-15 running 64-bit major release  (build 9200)
| Command      : upgrade_ip
| Device       : xc7s50csga324-1
------------------------------------------------------------------------------------

Upgrade Log for IP 'mb_blink_hdmi_text_controller_0_1'

1. Summary
----------

SUCCESS in the upgrade of mb_blink_hdmi_text_controller_0_1 (uillinois.edu:user:hdmi_text_controller:1.0) from (Rev. 70) to (Rev. 71)






Copyright 1986-2022 Xilinx, Inc. All Rights Reserved.
------------------------------------------------------------------------------------
| Tool Version : Vivado v.2022.2 (win64) Build 3671981 Fri Oct 14 05:00:03 MDT 2022
| Date         : Tue May  5 18:21:10 2026
| Host         : ECEB-3022-15 running 64-bit major release  (build 9200)
| Command      : upgrade_ip
| Device       : xc7s50csga324-1
------------------------------------------------------------------------------------

Upgrade Log for IP 'mb_blink_hdmi_text_controller_0_1'

1. Summary
----------

SUCCESS in the upgrade of mb_blink_hdmi_text_controller_0_1 (uillinois.edu:user:hdmi_text_controller:1.0) from (Rev. 69) to (Rev. 70)






Copyright 1986-2022 Xilinx, Inc. All Rights Reserved.
------------------------------------------------------------------------------------
| Tool Version : Vivado v.2022.2 (win64) Build 3671981 Fri Oct 14 05:00:03 MDT 2022
| Date         : Tue May  5 18:01:54 2026
| Host         : ECEB-3022-15 running 64-bit major release  (build 9200)
| Command      : upgrade_ip
| Device       : xc7s50csga324-1
------------------------------------------------------------------------------------

Upgrade Log for IP 'mb_blink_hdmi_text_controller_0_1'

1. Summary
----------

SUCCESS in the upgrade of mb_blink_hdmi_text_controller_0_1 (uillinois.edu:user:hdmi_text_controller:1.0) from (Rev. 68) to (Rev. 69)






Copyright 1986-2022 Xilinx, Inc. All Rights Reserved.
------------------------------------------------------------------------------------
| Tool Version : Vivado v.2022.2 (win64) Build 3671981 Fri Oct 14 05:00:03 MDT 2022
| Date         : Tue May  5 17:36:57 2026
| Host         : ECEB-3022-15 running 64-bit major release  (build 9200)
| Command      : upgrade_ip
| Device       : xc7s50csga324-1
------------------------------------------------------------------------------------

Upgrade Log for IP 'mb_blink_hdmi_text_controller_0_1'

1. Summary
----------

SUCCESS in the upgrade of mb_blink_hdmi_text_controller_0_1 (uillinois.edu:user:hdmi_text_controller:1.0) from (Rev. 67) to (Rev. 68)






Copyright 1986-2022 Xilinx, Inc. All Rights Reserved.
------------------------------------------------------------------------------------
| Tool Version : Vivado v.2022.2 (win64) Build 3671981 Fri Oct 14 05:00:03 MDT 2022
| Date         : Tue May  5 17:02:30 2026
| Host         : ECEB-3022-15 running 64-bit major release  (build 9200)
| Command      : upgrade_ip
| Device       : xc7s50csga324-1
------------------------------------------------------------------------------------

Upgrade Log for IP 'mb_blink_hdmi_text_controller_0_1'

1. Summary
----------

SUCCESS in the upgrade of mb_blink_hdmi_text_controller_0_1 (uillinois.edu:user:hdmi_text_controller:1.0) from (Rev. 65) to (Rev. 67)






Copyright 1986-2022 Xilinx, Inc. All Rights Reserved.
------------------------------------------------------------------------------------
| Tool Version : Vivado v.2022.2 (win64) Build 3671981 Fri Oct 14 05:00:03 MDT 2022
| Date         : Tue May  5 16:40:12 2026
| Host         : ECEB-3022-15 running 64-bit major release  (build 9200)
| Command      : upgrade_ip
| Device       : xc7s50csga324-1
------------------------------------------------------------------------------------

Upgrade Log for IP 'mb_blink_hdmi_text_controller_0_1'

1. Summary
----------

SUCCESS in the upgrade of mb_blink_hdmi_text_controller_0_1 (uillinois.edu:user:hdmi_text_controller:1.0) from (Rev. 64) to (Rev. 65)






Copyright 1986-2022 Xilinx, Inc. All Rights Reserved.
------------------------------------------------------------------------------------
| Tool Version : Vivado v.2022.2 (win64) Build 3671981 Fri Oct 14 05:00:03 MDT 2022
| Date         : Tue May  5 16:20:51 2026
| Host         : ECEB-3022-15 running 64-bit major release  (build 9200)
| Command      : upgrade_ip
| Device       : xc7s50csga324-1
------------------------------------------------------------------------------------

Upgrade Log for IP 'mb_blink_hdmi_text_controller_0_1'

1. Summary
----------

SUCCESS in the upgrade of mb_blink_hdmi_text_controller_0_1 (uillinois.edu:user:hdmi_text_controller:1.0) from (Rev. 63) to (Rev. 64)






Copyright 1986-2022 Xilinx, Inc. All Rights Reserved.
------------------------------------------------------------------------------------
| Tool Version : Vivado v.2022.2 (win64) Build 3671981 Fri Oct 14 05:00:03 MDT 2022
| Date         : Tue May  5 16:02:10 2026
| Host         : ECEB-3022-15 running 64-bit major release  (build 9200)
| Command      : upgrade_ip
| Device       : xc7s50csga324-1
------------------------------------------------------------------------------------

Upgrade Log for IP 'mb_blink_hdmi_text_controller_0_1'

1. Summary
----------

SUCCESS in the upgrade of mb_blink_hdmi_text_controller_0_1 (uillinois.edu:user:hdmi_text_controller:1.0) from (Rev. 62) to (Rev. 63)






Copyright 1986-2022 Xilinx, Inc. All Rights Reserved.
------------------------------------------------------------------------------------
| Tool Version : Vivado v.2022.2 (win64) Build 3671981 Fri Oct 14 05:00:03 MDT 2022
| Date         : Tue May  5 15:42:43 2026
| Host         : ECEB-3022-15 running 64-bit major release  (build 9200)
| Command      : upgrade_ip
| Device       : xc7s50csga324-1
------------------------------------------------------------------------------------

Upgrade Log for IP 'mb_blink_hdmi_text_controller_0_1'

1. Summary
----------

SUCCESS in the upgrade of mb_blink_hdmi_text_controller_0_1 (uillinois.edu:user:hdmi_text_controller:1.0) from (Rev. 61) to (Rev. 62)






Copyright 1986-2022 Xilinx, Inc. All Rights Reserved.
------------------------------------------------------------------------------------
| Tool Version : Vivado v.2022.2 (win64) Build 3671981 Fri Oct 14 05:00:03 MDT 2022
| Date         : Tue May  5 15:16:17 2026
| Host         : ECEB-3022-15 running 64-bit major release  (build 9200)
| Command      : upgrade_ip
| Device       : xc7s50csga324-1
------------------------------------------------------------------------------------

Upgrade Log for IP 'mb_blink_hdmi_text_controller_0_1'

1. Summary
----------

SUCCESS in the upgrade of mb_blink_hdmi_text_controller_0_1 (uillinois.edu:user:hdmi_text_controller:1.0) from (Rev. 60) to (Rev. 61)






Copyright 1986-2022 Xilinx, Inc. All Rights Reserved.
------------------------------------------------------------------------------------
| Tool Version : Vivado v.2022.2 (win64) Build 3671981 Fri Oct 14 05:00:03 MDT 2022
| Date         : Tue May  5 14:44:43 2026
| Host         : ECEB-3022-15 running 64-bit major release  (build 9200)
| Command      : upgrade_ip
| Device       : xc7s50csga324-1
------------------------------------------------------------------------------------

Upgrade Log for IP 'mb_blink_hdmi_text_controller_0_1'

1. Summary
----------

SUCCESS in the upgrade of mb_blink_hdmi_text_controller_0_1 (uillinois.edu:user:hdmi_text_controller:1.0) from (Rev. 59) to (Rev. 60)






Copyright 1986-2022 Xilinx, Inc. All Rights Reserved.
------------------------------------------------------------------------------------
| Tool Version : Vivado v.2022.2 (win64) Build 3671981 Fri Oct 14 05:00:03 MDT 2022
| Date         : Tue May  5 00:56:51 2026
| Host         : ECEB-3022-15 running 64-bit major release  (build 9200)
| Command      : upgrade_ip
| Device       : xc7s50csga324-1
------------------------------------------------------------------------------------

Upgrade Log for IP 'mb_blink_hdmi_text_controller_0_1'

1. Summary
----------

SUCCESS in the upgrade of mb_blink_hdmi_text_controller_0_1 (uillinois.edu:user:hdmi_text_controller:1.0) from (Rev. 58) to (Rev. 59)






Copyright 1986-2022 Xilinx, Inc. All Rights Reserved.
------------------------------------------------------------------------------------
| Tool Version : Vivado v.2022.2 (win64) Build 3671981 Fri Oct 14 05:00:03 MDT 2022
| Date         : Mon May  4 23:45:08 2026
| Host         : ECEB-3022-15 running 64-bit major release  (build 9200)
| Command      : upgrade_ip
| Device       : xc7s50csga324-1
------------------------------------------------------------------------------------

Upgrade Log for IP 'mb_blink_hdmi_text_controller_0_1'

1. Summary
----------

SUCCESS in the upgrade of mb_blink_hdmi_text_controller_0_1 (uillinois.edu:user:hdmi_text_controller:1.0) from (Rev. 57) to (Rev. 58)






Copyright 1986-2022 Xilinx, Inc. All Rights Reserved.
------------------------------------------------------------------------------------
| Tool Version : Vivado v.2022.2 (win64) Build 3671981 Fri Oct 14 05:00:03 MDT 2022
| Date         : Mon May  4 22:54:02 2026
| Host         : ECEB-3022-15 running 64-bit major release  (build 9200)
| Command      : upgrade_ip
| Device       : xc7s50csga324-1
------------------------------------------------------------------------------------

Upgrade Log for IP 'mb_blink_hdmi_text_controller_0_1'

1. Summary
----------

SUCCESS in the upgrade of mb_blink_hdmi_text_controller_0_1 (uillinois.edu:user:hdmi_text_controller:1.0) from (Rev. 56) to (Rev. 57)






Copyright 1986-2022 Xilinx, Inc. All Rights Reserved.
------------------------------------------------------------------------------------
| Tool Version : Vivado v.2022.2 (win64) Build 3671981 Fri Oct 14 05:00:03 MDT 2022
| Date         : Mon May  4 22:32:15 2026
| Host         : ECEB-3022-15 running 64-bit major release  (build 9200)
| Command      : upgrade_ip
| Device       : xc7s50csga324-1
------------------------------------------------------------------------------------

Upgrade Log for IP 'mb_blink_hdmi_text_controller_0_1'

1. Summary
----------

SUCCESS in the upgrade of mb_blink_hdmi_text_controller_0_1 (uillinois.edu:user:hdmi_text_controller:1.0) from (Rev. 55) to (Rev. 56)






Copyright 1986-2022 Xilinx, Inc. All Rights Reserved.
------------------------------------------------------------------------------------
| Tool Version : Vivado v.2022.2 (win64) Build 3671981 Fri Oct 14 05:00:03 MDT 2022
| Date         : Mon May  4 22:08:24 2026
| Host         : ECEB-3022-15 running 64-bit major release  (build 9200)
| Command      : upgrade_ip
| Device       : xc7s50csga324-1
------------------------------------------------------------------------------------

Upgrade Log for IP 'mb_blink_hdmi_text_controller_0_1'

1. Summary
----------

SUCCESS in the upgrade of mb_blink_hdmi_text_controller_0_1 (uillinois.edu:user:hdmi_text_controller:1.0) from (Rev. 54) to (Rev. 55)






Copyright 1986-2022 Xilinx, Inc. All Rights Reserved.
------------------------------------------------------------------------------------
| Tool Version : Vivado v.2022.2 (win64) Build 3671981 Fri Oct 14 05:00:03 MDT 2022
| Date         : Mon May  4 15:43:39 2026
| Host         : ECEB-3022-15 running 64-bit major release  (build 9200)
| Command      : upgrade_ip
| Device       : xc7s50csga324-1
------------------------------------------------------------------------------------

Upgrade Log for IP 'mb_blink_hdmi_text_controller_0_1'

1. Summary
----------

SUCCESS in the upgrade of mb_blink_hdmi_text_controller_0_1 (uillinois.edu:user:hdmi_text_controller:1.0) from (Rev. 53) to (Rev. 54)






Copyright 1986-2022 Xilinx, Inc. All Rights Reserved.
------------------------------------------------------------------------------------
| Tool Version : Vivado v.2022.2 (win64) Build 3671981 Fri Oct 14 05:00:03 MDT 2022
| Date         : Mon May  4 15:27:53 2026
| Host         : ECEB-3022-15 running 64-bit major release  (build 9200)
| Command      : upgrade_ip
| Device       : xc7s50csga324-1
------------------------------------------------------------------------------------

Upgrade Log for IP 'mb_blink_hdmi_text_controller_0_1'

1. Summary
----------

SUCCESS in the upgrade of mb_blink_hdmi_text_controller_0_1 (uillinois.edu:user:hdmi_text_controller:1.0) from (Rev. 51) to (Rev. 53)






Copyright 1986-2022 Xilinx, Inc. All Rights Reserved.
------------------------------------------------------------------------------------
| Tool Version : Vivado v.2022.2 (win64) Build 3671981 Fri Oct 14 05:00:03 MDT 2022
| Date         : Mon May  4 01:57:28 2026
| Host         : ECEB-3022-13 running 64-bit major release  (build 9200)
| Command      : upgrade_ip
| Device       : xc7s50csga324-1
------------------------------------------------------------------------------------

Upgrade Log for IP 'mb_blink_hdmi_text_controller_0_1'

1. Summary
----------

SUCCESS in the upgrade of mb_blink_hdmi_text_controller_0_1 (uillinois.edu:user:hdmi_text_controller:1.0) from (Rev. 50) to (Rev. 51)






Copyright 1986-2022 Xilinx, Inc. All Rights Reserved.
------------------------------------------------------------------------------------
| Tool Version : Vivado v.2022.2 (win64) Build 3671981 Fri Oct 14 05:00:03 MDT 2022
| Date         : Mon May  4 01:11:39 2026
| Host         : ECEB-3022-13 running 64-bit major release  (build 9200)
| Command      : upgrade_ip
| Device       : xc7s50csga324-1
------------------------------------------------------------------------------------

Upgrade Log for IP 'mb_blink_hdmi_text_controller_0_1'

1. Summary
----------

SUCCESS in the upgrade of mb_blink_hdmi_text_controller_0_1 (uillinois.edu:user:hdmi_text_controller:1.0) from (Rev. 49) to (Rev. 50)






Copyright 1986-2022 Xilinx, Inc. All Rights Reserved.
------------------------------------------------------------------------------------
| Tool Version : Vivado v.2022.2 (win64) Build 3671981 Fri Oct 14 05:00:03 MDT 2022
| Date         : Mon May  4 01:00:28 2026
| Host         : ECEB-3022-13 running 64-bit major release  (build 9200)
| Command      : upgrade_ip
| Device       : xc7s50csga324-1
------------------------------------------------------------------------------------

Upgrade Log for IP 'mb_blink_hdmi_text_controller_0_1'

1. Summary
----------

SUCCESS in the upgrade of mb_blink_hdmi_text_controller_0_1 (uillinois.edu:user:hdmi_text_controller:1.0) from (Rev. 45) to (Rev. 49)






Copyright 1986-2022 Xilinx, Inc. All Rights Reserved.
------------------------------------------------------------------------------------
| Tool Version : Vivado v.2022.2 (win64) Build 3671981 Fri Oct 14 05:00:03 MDT 2022
| Date         : Mon May  4 00:50:03 2026
| Host         : ECEB-3022-13 running 64-bit major release  (build 9200)
| Command      : upgrade_ip
| Device       : xc7s50csga324-1
------------------------------------------------------------------------------------

Upgrade Log for IP 'mb_blink_hdmi_text_controller_0_1'

1. Summary
----------

SUCCESS in the upgrade of mb_blink_hdmi_text_controller_0_1 (uillinois.edu:user:hdmi_text_controller:1.0) from (Rev. 44) to (Rev. 45)






Copyright 1986-2022 Xilinx, Inc. All Rights Reserved.
------------------------------------------------------------------------------------
| Tool Version : Vivado v.2022.2 (win64) Build 3671981 Fri Oct 14 05:00:03 MDT 2022
| Date         : Sun May  3 18:13:50 2026
| Host         : ECEB-3022-13 running 64-bit major release  (build 9200)
| Command      : upgrade_ip
| Device       : xc7s50csga324-1
------------------------------------------------------------------------------------

Upgrade Log for IP 'mb_blink_hdmi_text_controller_0_1'

1. Summary
----------

SUCCESS in the upgrade of mb_blink_hdmi_text_controller_0_1 (uillinois.edu:user:hdmi_text_controller:1.0) from (Rev. 43) to (Rev. 44)






Copyright 1986-2022 Xilinx, Inc. All Rights Reserved.
------------------------------------------------------------------------------------
| Tool Version : Vivado v.2022.2 (win64) Build 3671981 Fri Oct 14 05:00:03 MDT 2022
| Date         : Sun May  3 14:50:28 2026
| Host         : ECEB-3022-13 running 64-bit major release  (build 9200)
| Command      : upgrade_ip
| Device       : xc7s50csga324-1
------------------------------------------------------------------------------------

Upgrade Log for IP 'mb_blink_hdmi_text_controller_0_1'

1. Summary
----------

SUCCESS in the upgrade of mb_blink_hdmi_text_controller_0_1 (uillinois.edu:user:hdmi_text_controller:1.0) from (Rev. 42) to (Rev. 43)






Copyright 1986-2022 Xilinx, Inc. All Rights Reserved.
------------------------------------------------------------------------------------
| Tool Version : Vivado v.2022.2 (win64) Build 3671981 Fri Oct 14 05:00:03 MDT 2022
| Date         : Sun May  3 14:31:18 2026
| Host         : ECEB-3022-13 running 64-bit major release  (build 9200)
| Command      : upgrade_ip
| Device       : xc7s50csga324-1
------------------------------------------------------------------------------------

Upgrade Log for IP 'mb_blink_hdmi_text_controller_0_1'

1. Summary
----------

SUCCESS in the upgrade of mb_blink_hdmi_text_controller_0_1 (uillinois.edu:user:hdmi_text_controller:1.0) from (Rev. 41) to (Rev. 42)






Copyright 1986-2022 Xilinx, Inc. All Rights Reserved.
------------------------------------------------------------------------------------
| Tool Version : Vivado v.2022.2 (win64) Build 3671981 Fri Oct 14 05:00:03 MDT 2022
| Date         : Sun May  3 13:39:50 2026
| Host         : ECEB-3022-13 running 64-bit major release  (build 9200)
| Command      : upgrade_ip
| Device       : xc7s50csga324-1
------------------------------------------------------------------------------------

Upgrade Log for IP 'mb_blink_hdmi_text_controller_0_1'

1. Summary
----------

SUCCESS in the upgrade of mb_blink_hdmi_text_controller_0_1 (uillinois.edu:user:hdmi_text_controller:1.0) from (Rev. 40) to (Rev. 41)






Copyright 1986-2022 Xilinx, Inc. All Rights Reserved.
------------------------------------------------------------------------------------
| Tool Version : Vivado v.2022.2 (win64) Build 3671981 Fri Oct 14 05:00:03 MDT 2022
| Date         : Sat May  2 18:03:50 2026
| Host         : ECEB-3022-13 running 64-bit major release  (build 9200)
| Command      : upgrade_ip
| Device       : xc7s50csga324-1
------------------------------------------------------------------------------------

Upgrade Log for IP 'mb_blink_hdmi_text_controller_0_1'

1. Summary
----------

SUCCESS in the upgrade of mb_blink_hdmi_text_controller_0_1 (uillinois.edu:user:hdmi_text_controller:1.0) from (Rev. 39) to (Rev. 40)






Copyright 1986-2022 Xilinx, Inc. All Rights Reserved.
------------------------------------------------------------------------------------
| Tool Version : Vivado v.2022.2 (win64) Build 3671981 Fri Oct 14 05:00:03 MDT 2022
| Date         : Sat May  2 17:40:33 2026
| Host         : ECEB-3022-13 running 64-bit major release  (build 9200)
| Command      : upgrade_ip
| Device       : xc7s50csga324-1
------------------------------------------------------------------------------------

Upgrade Log for IP 'mb_blink_hdmi_text_controller_0_1'

1. Summary
----------

SUCCESS in the upgrade of mb_blink_hdmi_text_controller_0_1 (uillinois.edu:user:hdmi_text_controller:1.0) from (Rev. 38) to (Rev. 39)






Copyright 1986-2022 Xilinx, Inc. All Rights Reserved.
------------------------------------------------------------------------------------
| Tool Version : Vivado v.2022.2 (win64) Build 3671981 Fri Oct 14 05:00:03 MDT 2022
| Date         : Sat May  2 16:54:18 2026
| Host         : ECEB-3022-13 running 64-bit major release  (build 9200)
| Command      : upgrade_ip
| Device       : xc7s50csga324-1
------------------------------------------------------------------------------------

Upgrade Log for IP 'mb_blink_hdmi_text_controller_0_1'

1. Summary
----------

SUCCESS in the upgrade of mb_blink_hdmi_text_controller_0_1 (uillinois.edu:user:hdmi_text_controller:1.0) from (Rev. 37) to (Rev. 38)






Copyright 1986-2022 Xilinx, Inc. All Rights Reserved.
------------------------------------------------------------------------------------
| Tool Version : Vivado v.2022.2 (win64) Build 3671981 Fri Oct 14 05:00:03 MDT 2022
| Date         : Sat May  2 16:34:39 2026
| Host         : ECEB-3022-13 running 64-bit major release  (build 9200)
| Command      : upgrade_ip
| Device       : xc7s50csga324-1
------------------------------------------------------------------------------------

Upgrade Log for IP 'mb_blink_hdmi_text_controller_0_1'

1. Summary
----------

SUCCESS in the upgrade of mb_blink_hdmi_text_controller_0_1 (uillinois.edu:user:hdmi_text_controller:1.0) from (Rev. 36) to (Rev. 37)






Copyright 1986-2022 Xilinx, Inc. All Rights Reserved.
------------------------------------------------------------------------------------
| Tool Version : Vivado v.2022.2 (win64) Build 3671981 Fri Oct 14 05:00:03 MDT 2022
| Date         : Sat May  2 16:10:31 2026
| Host         : ECEB-3022-13 running 64-bit major release  (build 9200)
| Command      : upgrade_ip
| Device       : xc7s50csga324-1
------------------------------------------------------------------------------------

Upgrade Log for IP 'mb_blink_hdmi_text_controller_0_1'

1. Summary
----------

SUCCESS in the upgrade of mb_blink_hdmi_text_controller_0_1 (uillinois.edu:user:hdmi_text_controller:1.0) from (Rev. 35) to (Rev. 36)






Copyright 1986-2022 Xilinx, Inc. All Rights Reserved.
------------------------------------------------------------------------------------
| Tool Version : Vivado v.2022.2 (win64) Build 3671981 Fri Oct 14 05:00:03 MDT 2022
| Date         : Sat May  2 15:48:35 2026
| Host         : ECEB-3022-13 running 64-bit major release  (build 9200)
| Command      : upgrade_ip
| Device       : xc7s50csga324-1
------------------------------------------------------------------------------------

Upgrade Log for IP 'mb_blink_hdmi_text_controller_0_1'

1. Summary
----------

SUCCESS in the upgrade of mb_blink_hdmi_text_controller_0_1 (uillinois.edu:user:hdmi_text_controller:1.0) from (Rev. 34) to (Rev. 35)






Copyright 1986-2022 Xilinx, Inc. All Rights Reserved.
------------------------------------------------------------------------------------
| Tool Version : Vivado v.2022.2 (win64) Build 3671981 Fri Oct 14 05:00:03 MDT 2022
| Date         : Sat May  2 00:48:07 2026
| Host         : ECEB-3022-13 running 64-bit major release  (build 9200)
| Command      : upgrade_ip
| Device       : xc7s50csga324-1
------------------------------------------------------------------------------------

Upgrade Log for IP 'mb_blink_hdmi_text_controller_0_1'

1. Summary
----------

SUCCESS in the upgrade of mb_blink_hdmi_text_controller_0_1 (uillinois.edu:user:hdmi_text_controller:1.0) from (Rev. 33) to (Rev. 34)






Copyright 1986-2022 Xilinx, Inc. All Rights Reserved.
------------------------------------------------------------------------------------
| Tool Version : Vivado v.2022.2 (win64) Build 3671981 Fri Oct 14 05:00:03 MDT 2022
| Date         : Sat May  2 00:07:09 2026
| Host         : ECEB-3022-13 running 64-bit major release  (build 9200)
| Command      : upgrade_ip
| Device       : xc7s50csga324-1
------------------------------------------------------------------------------------

Upgrade Log for IP 'mb_blink_hdmi_text_controller_0_1'

1. Summary
----------

SUCCESS in the upgrade of mb_blink_hdmi_text_controller_0_1 (uillinois.edu:user:hdmi_text_controller:1.0) from (Rev. 32) to (Rev. 33)






Copyright 1986-2022 Xilinx, Inc. All Rights Reserved.
------------------------------------------------------------------------------------
| Tool Version : Vivado v.2022.2 (win64) Build 3671981 Fri Oct 14 05:00:03 MDT 2022
| Date         : Fri May  1 23:32:04 2026
| Host         : ECEB-3022-13 running 64-bit major release  (build 9200)
| Command      : upgrade_ip
| Device       : xc7s50csga324-1
------------------------------------------------------------------------------------

Upgrade Log for IP 'mb_blink_hdmi_text_controller_0_1'

1. Summary
----------

SUCCESS in the upgrade of mb_blink_hdmi_text_controller_0_1 (uillinois.edu:user:hdmi_text_controller:1.0) from (Rev. 31) to (Rev. 32)






Copyright 1986-2022 Xilinx, Inc. All Rights Reserved.
------------------------------------------------------------------------------------
| Tool Version : Vivado v.2022.2 (win64) Build 3671981 Fri Oct 14 05:00:03 MDT 2022
| Date         : Fri May  1 23:04:49 2026
| Host         : ECEB-3022-13 running 64-bit major release  (build 9200)
| Command      : upgrade_ip
| Device       : xc7s50csga324-1
------------------------------------------------------------------------------------

Upgrade Log for IP 'mb_blink_hdmi_text_controller_0_1'

1. Summary
----------

SUCCESS in the upgrade of mb_blink_hdmi_text_controller_0_1 (uillinois.edu:user:hdmi_text_controller:1.0) from (Rev. 30) to (Rev. 31)






Copyright 1986-2022 Xilinx, Inc. All Rights Reserved.
------------------------------------------------------------------------------------
| Tool Version : Vivado v.2022.2 (win64) Build 3671981 Fri Oct 14 05:00:03 MDT 2022
| Date         : Fri May  1 22:47:28 2026
| Host         : ECEB-3022-13 running 64-bit major release  (build 9200)
| Command      : upgrade_ip
| Device       : xc7s50csga324-1
------------------------------------------------------------------------------------

Upgrade Log for IP 'mb_blink_hdmi_text_controller_0_1'

1. Summary
----------

SUCCESS in the upgrade of mb_blink_hdmi_text_controller_0_1 (uillinois.edu:user:hdmi_text_controller:1.0) from (Rev. 29) to (Rev. 30)






Copyright 1986-2022 Xilinx, Inc. All Rights Reserved.
------------------------------------------------------------------------------------
| Tool Version : Vivado v.2022.2 (win64) Build 3671981 Fri Oct 14 05:00:03 MDT 2022
| Date         : Fri May  1 22:24:02 2026
| Host         : ECEB-3022-13 running 64-bit major release  (build 9200)
| Command      : upgrade_ip
| Device       : xc7s50csga324-1
------------------------------------------------------------------------------------

Upgrade Log for IP 'mb_blink_hdmi_text_controller_0_1'

1. Summary
----------

SUCCESS in the upgrade of mb_blink_hdmi_text_controller_0_1 (uillinois.edu:user:hdmi_text_controller:1.0) from (Rev. 28) to (Rev. 29)






Copyright 1986-2022 Xilinx, Inc. All Rights Reserved.
------------------------------------------------------------------------------------
| Tool Version : Vivado v.2022.2 (win64) Build 3671981 Fri Oct 14 05:00:03 MDT 2022
| Date         : Fri May  1 19:26:33 2026
| Host         : ECEB-3022-13 running 64-bit major release  (build 9200)
| Command      : upgrade_ip
| Device       : xc7s50csga324-1
------------------------------------------------------------------------------------

Upgrade Log for IP 'mb_blink_hdmi_text_controller_0_1'

1. Summary
----------

SUCCESS in the upgrade of mb_blink_hdmi_text_controller_0_1 (uillinois.edu:user:hdmi_text_controller:1.0) from (Rev. 27) to (Rev. 28)






Copyright 1986-2022 Xilinx, Inc. All Rights Reserved.
------------------------------------------------------------------------------------
| Tool Version : Vivado v.2022.2 (win64) Build 3671981 Fri Oct 14 05:00:03 MDT 2022
| Date         : Fri May  1 18:31:57 2026
| Host         : ECEB-3022-13 running 64-bit major release  (build 9200)
| Command      : upgrade_ip
| Device       : xc7s50csga324-1
------------------------------------------------------------------------------------

Upgrade Log for IP 'mb_blink_hdmi_text_controller_0_1'

1. Summary
----------

SUCCESS in the upgrade of mb_blink_hdmi_text_controller_0_1 (uillinois.edu:user:hdmi_text_controller:1.0) from (Rev. 26) to (Rev. 27)






Copyright 1986-2022 Xilinx, Inc. All Rights Reserved.
------------------------------------------------------------------------------------
| Tool Version : Vivado v.2022.2 (win64) Build 3671981 Fri Oct 14 05:00:03 MDT 2022
| Date         : Thu Apr 30 20:56:25 2026
| Host         : ECEB-3022-13 running 64-bit major release  (build 9200)
| Command      : upgrade_ip
| Device       : xc7s50csga324-1
------------------------------------------------------------------------------------

Upgrade Log for IP 'mb_blink_hdmi_text_controller_0_1'

1. Summary
----------

SUCCESS in the upgrade of mb_blink_hdmi_text_controller_0_1 (uillinois.edu:user:hdmi_text_controller:1.0) from (Rev. 25) to (Rev. 26)






Copyright 1986-2022 Xilinx, Inc. All Rights Reserved.
------------------------------------------------------------------------------------
| Tool Version : Vivado v.2022.2 (win64) Build 3671981 Fri Oct 14 05:00:03 MDT 2022
| Date         : Thu Apr 30 20:43:38 2026
| Host         : ECEB-3022-13 running 64-bit major release  (build 9200)
| Command      : upgrade_ip
| Device       : xc7s50csga324-1
------------------------------------------------------------------------------------

Upgrade Log for IP 'mb_blink_hdmi_text_controller_0_1'

1. Summary
----------

SUCCESS in the upgrade of mb_blink_hdmi_text_controller_0_1 (uillinois.edu:user:hdmi_text_controller:1.0) from (Rev. 24) to (Rev. 25)






Copyright 1986-2022 Xilinx, Inc. All Rights Reserved.
------------------------------------------------------------------------------------
| Tool Version : Vivado v.2022.2 (win64) Build 3671981 Fri Oct 14 05:00:03 MDT 2022
| Date         : Thu Apr 30 20:05:52 2026
| Host         : ECEB-3022-13 running 64-bit major release  (build 9200)
| Command      : upgrade_ip
| Device       : xc7s50csga324-1
------------------------------------------------------------------------------------

Upgrade Log for IP 'mb_blink_hdmi_text_controller_0_1'

1. Summary
----------

SUCCESS in the upgrade of mb_blink_hdmi_text_controller_0_1 (uillinois.edu:user:hdmi_text_controller:1.0) from (Rev. 23) to (Rev. 24)






Copyright 1986-2022 Xilinx, Inc. All Rights Reserved.
------------------------------------------------------------------------------------
| Tool Version : Vivado v.2022.2 (win64) Build 3671981 Fri Oct 14 05:00:03 MDT 2022
| Date         : Thu Apr 30 19:45:32 2026
| Host         : ECEB-3022-13 running 64-bit major release  (build 9200)
| Command      : upgrade_ip
| Device       : xc7s50csga324-1
------------------------------------------------------------------------------------

Upgrade Log for IP 'mb_blink_hdmi_text_controller_0_1'

1. Summary
----------

SUCCESS in the upgrade of mb_blink_hdmi_text_controller_0_1 (uillinois.edu:user:hdmi_text_controller:1.0) from (Rev. 22) to (Rev. 23)






Copyright 1986-2022 Xilinx, Inc. All Rights Reserved.
------------------------------------------------------------------------------------
| Tool Version : Vivado v.2022.2 (win64) Build 3671981 Fri Oct 14 05:00:03 MDT 2022
| Date         : Thu Apr 30 18:42:54 2026
| Host         : ECEB-3022-13 running 64-bit major release  (build 9200)
| Command      : upgrade_ip
| Device       : xc7s50csga324-1
------------------------------------------------------------------------------------

Upgrade Log for IP 'mb_blink_hdmi_text_controller_0_1'

1. Summary
----------

SUCCESS in the upgrade of mb_blink_hdmi_text_controller_0_1 (uillinois.edu:user:hdmi_text_controller:1.0) from (Rev. 21) to (Rev. 22)






Copyright 1986-2022 Xilinx, Inc. All Rights Reserved.
------------------------------------------------------------------------------------
| Tool Version : Vivado v.2022.2 (win64) Build 3671981 Fri Oct 14 05:00:03 MDT 2022
| Date         : Thu Apr 30 18:28:11 2026
| Host         : ECEB-3022-13 running 64-bit major release  (build 9200)
| Command      : upgrade_ip
| Device       : xc7s50csga324-1
------------------------------------------------------------------------------------

Upgrade Log for IP 'mb_blink_hdmi_text_controller_0_1'

1. Summary
----------

SUCCESS in the upgrade of mb_blink_hdmi_text_controller_0_1 (uillinois.edu:user:hdmi_text_controller:1.0) from (Rev. 20) to (Rev. 21)






Copyright 1986-2022 Xilinx, Inc. All Rights Reserved.
------------------------------------------------------------------------------------
| Tool Version : Vivado v.2022.2 (win64) Build 3671981 Fri Oct 14 05:00:03 MDT 2022
| Date         : Thu Apr 30 18:11:56 2026
| Host         : ECEB-3022-13 running 64-bit major release  (build 9200)
| Command      : upgrade_ip
| Device       : xc7s50csga324-1
------------------------------------------------------------------------------------

Upgrade Log for IP 'mb_blink_hdmi_text_controller_0_1'

1. Summary
----------

SUCCESS in the upgrade of mb_blink_hdmi_text_controller_0_1 (uillinois.edu:user:hdmi_text_controller:1.0) from (Rev. 19) to (Rev. 20)






Copyright 1986-2022 Xilinx, Inc. All Rights Reserved.
------------------------------------------------------------------------------------
| Tool Version : Vivado v.2022.2 (win64) Build 3671981 Fri Oct 14 05:00:03 MDT 2022
| Date         : Wed Apr 29 20:12:46 2026
| Host         : ECEB-3022-03 running 64-bit major release  (build 9200)
| Command      : upgrade_ip
| Device       : xc7s50csga324-1
------------------------------------------------------------------------------------

Upgrade Log for IP 'mb_blink_hdmi_text_controller_0_1'

1. Summary
----------

SUCCESS in the upgrade of mb_blink_hdmi_text_controller_0_1 (uillinois.edu:user:hdmi_text_controller:1.0) from (Rev. 18) to (Rev. 19)






Copyright 1986-2022 Xilinx, Inc. All Rights Reserved.
------------------------------------------------------------------------------------
| Tool Version : Vivado v.2022.2 (win64) Build 3671981 Fri Oct 14 05:00:03 MDT 2022
| Date         : Wed Apr 29 19:58:49 2026
| Host         : ECEB-3022-03 running 64-bit major release  (build 9200)
| Command      : upgrade_ip
| Device       : xc7s50csga324-1
------------------------------------------------------------------------------------

Upgrade Log for IP 'mb_blink_hdmi_text_controller_0_1'

1. Summary
----------

SUCCESS in the upgrade of mb_blink_hdmi_text_controller_0_1 (uillinois.edu:user:hdmi_text_controller:1.0) from (Rev. 17) to (Rev. 18)

