
*** Running vivado
    with args -log mb_blink_hdmi_text_controller_0_1.vds -m64 -product Vivado -mode batch -messageDb vivado.pb -notrace -source mb_blink_hdmi_text_controller_0_1.tcl



****** Vivado v2022.2 (64-bit)
  **** SW Build 3671981 on Fri Oct 14 05:00:03 MDT 2022
  **** IP Build 3669848 on Fri Oct 14 08:30:02 MDT 2022
    ** Copyright 1986-2022 Xilinx, Inc. All Rights Reserved.

source mb_blink_hdmi_text_controller_0_1.tcl -notrace
INFO: [IP_Flow 19-234] Refreshing IP repositories
INFO: [IP_Flow 19-1700] Loaded user IP repository 'c:/Users/kakkar3/Desktop/Final_Project/hdmi_tx_1.0'.
INFO: [IP_Flow 19-1700] Loaded user IP repository 'c:/Users/kakkar3/Desktop/Final_Project/ip_repo/hdmi_text_controller_1_0'.
INFO: [IP_Flow 19-2313] Loaded Vivado IP repository 'C:/Xilinx/Vivado/2022.2/data/ip'.
INFO: [IP_Flow 19-6924] IPCACHE: Running cache check for IP inst: mb_blink_hdmi_text_controller_0_1
Command: synth_design -top mb_blink_hdmi_text_controller_0_1 -part xc7s50csga324-1 -incremental_mode off -mode out_of_context
Starting synth_design
Attempting to get a license for feature 'Synthesis' and/or device 'xc7s50'
INFO: [Common 17-349] Got license for feature 'Synthesis' and/or device 'xc7s50'
INFO: [Device 21-403] Loading part xc7s50csga324-1
INFO: [Synth 8-7079] Multithreading enabled for synth_design using a maximum of 2 processes.
INFO: [Synth 8-7078] Launching helper process for spawning children vivado processes
INFO: [Synth 8-7075] Helper process launched with PID 8472

*** Running vivado
    with args -log mb_blink_hdmi_text_controller_0_1.vds -m64 -product Vivado -mode batch -messageDb vivado.pb -notrace -source mb_blink_hdmi_text_controller_0_1.tcl



****** Vivado v2022.2 (64-bit)
  **** SW Build 3671981 on Fri Oct 14 05:00:03 MDT 2022
  **** IP Build 3669848 on Fri Oct 14 08:30:02 MDT 2022
    ** Copyright 1986-2022 Xilinx, Inc. All Rights Reserved.

source mb_blink_hdmi_text_controller_0_1.tcl -notrace
INFO: [IP_Flow 19-234] Refreshing IP repositories
INFO: [IP_Flow 19-1700] Loaded user IP repository 'c:/Users/kakkar3/Desktop/Final_Project/hdmi_tx_1.0'.
INFO: [IP_Flow 19-1700] Loaded user IP repository 'c:/Users/kakkar3/Desktop/Final_Project/ip_repo/hdmi_text_controller_1_0'.
INFO: [IP_Flow 19-2313] Loaded Vivado IP repository 'C:/Xilinx/Vivado/2022.2/data/ip'.
INFO: [IP_Flow 19-6924] IPCACHE: Running cache check for IP inst: mb_blink_hdmi_text_controller_0_1
Command: synth_design -top mb_blink_hdmi_text_controller_0_1 -part xc7s50csga324-1 -incremental_mode off -mode out_of_context
Starting synth_design
Attempting to get a license for feature 'Synthesis' and/or device 'xc7s50'
INFO: [Common 17-349] Got license for feature 'Synthesis' and/or device 'xc7s50'
INFO: [Device 21-403] Loading part xc7s50csga324-1
INFO: [Synth 8-7079] Multithreading enabled for synth_design using a maximum of 2 processes.
INFO: [Synth 8-7078] Launching helper process for spawning children vivado processes
INFO: [Synth 8-7075] Helper process launched with PID 33136
INFO: [Synth 8-11241] undeclared symbol 'REGCCE', assumed default net type 'wire' [C:/Xilinx/Vivado/2022.2/data/verilog/src/unimacro/BRAM_SINGLE_MACRO.v:2170]
WARNING: [Synth 8-11065] parameter 'CTRLTOKEN0' becomes localparam in 'encode' with formal parameter declaration list [c:/Users/kakkar3/Desktop/Final_Project/Final_Project.gen/sources_1/bd/mb_blink/ip/mb_blink_hdmi_text_controller_0_1/src/hdmi_tx_0/hdl/encode.v:145]
WARNING: [Synth 8-11065] parameter 'CTRLTOKEN1' becomes localparam in 'encode' with formal parameter declaration list [c:/Users/kakkar3/Desktop/Final_Project/Final_Project.gen/sources_1/bd/mb_blink/ip/mb_blink_hdmi_text_controller_0_1/src/hdmi_tx_0/hdl/encode.v:146]
WARNING: [Synth 8-11065] parameter 'CTRLTOKEN2' becomes localparam in 'encode' with formal parameter declaration list [c:/Users/kakkar3/Desktop/Final_Project/Final_Project.gen/sources_1/bd/mb_blink/ip/mb_blink_hdmi_text_controller_0_1/src/hdmi_tx_0/hdl/encode.v:147]
WARNING: [Synth 8-11065] parameter 'CTRLTOKEN3' becomes localparam in 'encode' with formal parameter declaration list [c:/Users/kakkar3/Desktop/Final_Project/Final_Project.gen/sources_1/bd/mb_blink/ip/mb_blink_hdmi_text_controller_0_1/src/hdmi_tx_0/hdl/encode.v:148]
---------------------------------------------------------------------------------
Starting RTL Elaboration : Time (s): cpu = 00:00:05 ; elapsed = 00:00:06 . Memory (MB): peak = 1817.938 ; gain = 407.453
---------------------------------------------------------------------------------
WARNING: [Synth 8-6014] Unused sequential element hdmi_ctl1_reg was removed.  [c:/Users/kakkar3/Desktop/Final_Project/Final_Project.gen/sources_1/bd/mb_blink/ip/mb_blink_hdmi_text_controller_0_1/src/hdmi_tx_0/hdl/hdmi_tx_v1_0.v:148]
WARNING: [Synth 8-6014] Unused sequential element carrier_on_reg_reg was removed.  [c:/Users/kakkar3/Desktop/Final_Project/Final_Project.gen/sources_1/bd/mb_blink/ipshared/60cd/src/sprite_background_example.sv:226]
WARNING: [Synth 8-6014] Unused sequential element island_on_reg_reg was removed.  [c:/Users/kakkar3/Desktop/Final_Project/Final_Project.gen/sources_1/bd/mb_blink/ipshared/60cd/src/sprite_background_example.sv:227]
WARNING: [Synth 8-7129] Port S_AXI_AWPROT[2] in module hdmi_text_controller_v1_0_AXI is either unconnected or has no load
WARNING: [Synth 8-7129] Port S_AXI_AWPROT[1] in module hdmi_text_controller_v1_0_AXI is either unconnected or has no load
WARNING: [Synth 8-7129] Port S_AXI_AWPROT[0] in module hdmi_text_controller_v1_0_AXI is either unconnected or has no load
WARNING: [Synth 8-7129] Port S_AXI_ARPROT[2] in module hdmi_text_controller_v1_0_AXI is either unconnected or has no load
WARNING: [Synth 8-7129] Port S_AXI_ARPROT[1] in module hdmi_text_controller_v1_0_AXI is either unconnected or has no load
WARNING: [Synth 8-7129] Port S_AXI_ARPROT[0] in module hdmi_text_controller_v1_0_AXI is either unconnected or has no load
WARNING: [Synth 8-7129] Port CLKB in module blk_mem_output_block__parameterized1 is either unconnected or has no load
WARNING: [Synth 8-7129] Port DOUTB_I[15] in module blk_mem_output_block__parameterized1 is either unconnected or has no load
WARNING: [Synth 8-7129] Port DOUTB_I[14] in module blk_mem_output_block__parameterized1 is either unconnected or has no load
WARNING: [Synth 8-7129] Port DOUTB_I[13] in module blk_mem_output_block__parameterized1 is either unconnected or has no load
WARNING: [Synth 8-7129] Port DOUTB_I[12] in module blk_mem_output_block__parameterized1 is either unconnected or has no load
WARNING: [Synth 8-7129] Port DOUTB_I[11] in module blk_mem_output_block__parameterized1 is either unconnected or has no load
WARNING: [Synth 8-7129] Port DOUTB_I[10] in module blk_mem_output_block__parameterized1 is either unconnected or has no load
WARNING: [Synth 8-7129] Port DOUTB_I[9] in module blk_mem_output_block__parameterized1 is either unconnected or has no load
WARNING: [Synth 8-7129] Port DOUTB_I[8] in module blk_mem_output_block__parameterized1 is either unconnected or has no load
WARNING: [Synth 8-7129] Port DOUTB_I[7] in module blk_mem_output_block__parameterized1 is either unconnected or has no load
WARNING: [Synth 8-7129] Port DOUTB_I[6] in module blk_mem_output_block__parameterized1 is either unconnected or has no load
WARNING: [Synth 8-7129] Port DOUTB_I[5] in module blk_mem_output_block__parameterized1 is either unconnected or has no load
WARNING: [Synth 8-7129] Port DOUTB_I[4] in module blk_mem_output_block__parameterized1 is either unconnected or has no load
WARNING: [Synth 8-7129] Port DOUTB_I[3] in module blk_mem_output_block__parameterized1 is either unconnected or has no load
WARNING: [Synth 8-7129] Port DOUTB_I[2] in module blk_mem_output_block__parameterized1 is either unconnected or has no load
WARNING: [Synth 8-7129] Port DOUTB_I[1] in module blk_mem_output_block__parameterized1 is either unconnected or has no load
WARNING: [Synth 8-7129] Port DOUTB_I[0] in module blk_mem_output_block__parameterized1 is either unconnected or has no load
WARNING: [Synth 8-7129] Port SBITERR_I in module blk_mem_output_block__parameterized1 is either unconnected or has no load
WARNING: [Synth 8-7129] Port DBITERR_I in module blk_mem_output_block__parameterized1 is either unconnected or has no load
WARNING: [Synth 8-7129] Port RDADDRECC_I[10] in module blk_mem_output_block__parameterized1 is either unconnected or has no load
WARNING: [Synth 8-7129] Port RDADDRECC_I[9] in module blk_mem_output_block__parameterized1 is either unconnected or has no load
WARNING: [Synth 8-7129] Port RDADDRECC_I[8] in module blk_mem_output_block__parameterized1 is either unconnected or has no load
WARNING: [Synth 8-7129] Port RDADDRECC_I[7] in module blk_mem_output_block__parameterized1 is either unconnected or has no load
WARNING: [Synth 8-7129] Port RDADDRECC_I[6] in module blk_mem_output_block__parameterized1 is either unconnected or has no load
WARNING: [Synth 8-7129] Port RDADDRECC_I[5] in module blk_mem_output_block__parameterized1 is either unconnected or has no load
WARNING: [Synth 8-7129] Port RDADDRECC_I[4] in module blk_mem_output_block__parameterized1 is either unconnected or has no load
WARNING: [Synth 8-7129] Port RDADDRECC_I[3] in module blk_mem_output_block__parameterized1 is either unconnected or has no load
WARNING: [Synth 8-7129] Port RDADDRECC_I[2] in module blk_mem_output_block__parameterized1 is either unconnected or has no load
WARNING: [Synth 8-7129] Port RDADDRECC_I[1] in module blk_mem_output_block__parameterized1 is either unconnected or has no load
WARNING: [Synth 8-7129] Port RDADDRECC_I[0] in module blk_mem_output_block__parameterized1 is either unconnected or has no load
WARNING: [Synth 8-7129] Port DOUTB[17] in module blk_mem_gen_prim_wrapper_init__parameterized27 is either unconnected or has no load
WARNING: [Synth 8-7129] Port DOUTB[16] in module blk_mem_gen_prim_wrapper_init__parameterized27 is either unconnected or has no load
WARNING: [Synth 8-7129] Port DOUTB[15] in module blk_mem_gen_prim_wrapper_init__parameterized27 is either unconnected or has no load
WARNING: [Synth 8-7129] Port DOUTB[14] in module blk_mem_gen_prim_wrapper_init__parameterized27 is either unconnected or has no load
WARNING: [Synth 8-7129] Port DOUTB[13] in module blk_mem_gen_prim_wrapper_init__parameterized27 is either unconnected or has no load
WARNING: [Synth 8-7129] Port DOUTB[12] in module blk_mem_gen_prim_wrapper_init__parameterized27 is either unconnected or has no load
WARNING: [Synth 8-7129] Port DOUTB[11] in module blk_mem_gen_prim_wrapper_init__parameterized27 is either unconnected or has no load
WARNING: [Synth 8-7129] Port DOUTB[10] in module blk_mem_gen_prim_wrapper_init__parameterized27 is either unconnected or has no load
WARNING: [Synth 8-7129] Port DOUTB[9] in module blk_mem_gen_prim_wrapper_init__parameterized27 is either unconnected or has no load
WARNING: [Synth 8-7129] Port DOUTB[8] in module blk_mem_gen_prim_wrapper_init__parameterized27 is either unconnected or has no load
WARNING: [Synth 8-7129] Port DOUTB[7] in module blk_mem_gen_prim_wrapper_init__parameterized27 is either unconnected or has no load
WARNING: [Synth 8-7129] Port DOUTB[6] in module blk_mem_gen_prim_wrapper_init__parameterized27 is either unconnected or has no load
WARNING: [Synth 8-7129] Port DOUTB[5] in module blk_mem_gen_prim_wrapper_init__parameterized27 is either unconnected or has no load
WARNING: [Synth 8-7129] Port DOUTB[4] in module blk_mem_gen_prim_wrapper_init__parameterized27 is either unconnected or has no load
WARNING: [Synth 8-7129] Port DOUTB[3] in module blk_mem_gen_prim_wrapper_init__parameterized27 is either unconnected or has no load
WARNING: [Synth 8-7129] Port DOUTB[2] in module blk_mem_gen_prim_wrapper_init__parameterized27 is either unconnected or has no load
WARNING: [Synth 8-7129] Port DOUTB[1] in module blk_mem_gen_prim_wrapper_init__parameterized27 is either unconnected or has no load
WARNING: [Synth 8-7129] Port DOUTB[0] in module blk_mem_gen_prim_wrapper_init__parameterized27 is either unconnected or has no load
WARNING: [Synth 8-7129] Port SBITERR in module blk_mem_gen_prim_wrapper_init__parameterized27 is either unconnected or has no load
WARNING: [Synth 8-7129] Port DBITERR in module blk_mem_gen_prim_wrapper_init__parameterized27 is either unconnected or has no load
WARNING: [Synth 8-7129] Port SSRA in module blk_mem_gen_prim_wrapper_init__parameterized27 is either unconnected or has no load
WARNING: [Synth 8-7129] Port CLKB in module blk_mem_gen_prim_wrapper_init__parameterized27 is either unconnected or has no load
WARNING: [Synth 8-7129] Port SSRB in module blk_mem_gen_prim_wrapper_init__parameterized27 is either unconnected or has no load
WARNING: [Synth 8-7129] Port ENB in module blk_mem_gen_prim_wrapper_init__parameterized27 is either unconnected or has no load
WARNING: [Synth 8-7129] Port REGCEB in module blk_mem_gen_prim_wrapper_init__parameterized27 is either unconnected or has no load
WARNING: [Synth 8-7129] Port WEB[0] in module blk_mem_gen_prim_wrapper_init__parameterized27 is either unconnected or has no load
WARNING: [Synth 8-7129] Port ADDRB[10] in module blk_mem_gen_prim_wrapper_init__parameterized27 is either unconnected or has no load
WARNING: [Synth 8-7129] Port ADDRB[9] in module blk_mem_gen_prim_wrapper_init__parameterized27 is either unconnected or has no load
WARNING: [Synth 8-7129] Port ADDRB[8] in module blk_mem_gen_prim_wrapper_init__parameterized27 is either unconnected or has no load
WARNING: [Synth 8-7129] Port ADDRB[7] in module blk_mem_gen_prim_wrapper_init__parameterized27 is either unconnected or has no load
WARNING: [Synth 8-7129] Port ADDRB[6] in module blk_mem_gen_prim_wrapper_init__parameterized27 is either unconnected or has no load
WARNING: [Synth 8-7129] Port ADDRB[5] in module blk_mem_gen_prim_wrapper_init__parameterized27 is either unconnected or has no load
WARNING: [Synth 8-7129] Port ADDRB[4] in module blk_mem_gen_prim_wrapper_init__parameterized27 is either unconnected or has no load
WARNING: [Synth 8-7129] Port ADDRB[3] in module blk_mem_gen_prim_wrapper_init__parameterized27 is either unconnected or has no load
WARNING: [Synth 8-7129] Port ADDRB[2] in module blk_mem_gen_prim_wrapper_init__parameterized27 is either unconnected or has no load
WARNING: [Synth 8-7129] Port ADDRB[1] in module blk_mem_gen_prim_wrapper_init__parameterized27 is either unconnected or has no load
WARNING: [Synth 8-7129] Port ADDRB[0] in module blk_mem_gen_prim_wrapper_init__parameterized27 is either unconnected or has no load
WARNING: [Synth 8-7129] Port DINB[17] in module blk_mem_gen_prim_wrapper_init__parameterized27 is either unconnected or has no load
WARNING: [Synth 8-7129] Port DINB[16] in module blk_mem_gen_prim_wrapper_init__parameterized27 is either unconnected or has no load
WARNING: [Synth 8-7129] Port DINB[15] in module blk_mem_gen_prim_wrapper_init__parameterized27 is either unconnected or has no load
WARNING: [Synth 8-7129] Port DINB[14] in module blk_mem_gen_prim_wrapper_init__parameterized27 is either unconnected or has no load
WARNING: [Synth 8-7129] Port DINB[13] in module blk_mem_gen_prim_wrapper_init__parameterized27 is either unconnected or has no load
WARNING: [Synth 8-7129] Port DINB[12] in module blk_mem_gen_prim_wrapper_init__parameterized27 is either unconnected or has no load
WARNING: [Synth 8-7129] Port DINB[11] in module blk_mem_gen_prim_wrapper_init__parameterized27 is either unconnected or has no load
WARNING: [Synth 8-7129] Port DINB[10] in module blk_mem_gen_prim_wrapper_init__parameterized27 is either unconnected or has no load
WARNING: [Synth 8-7129] Port DINB[9] in module blk_mem_gen_prim_wrapper_init__parameterized27 is either unconnected or has no load
WARNING: [Synth 8-7129] Port DINB[8] in module blk_mem_gen_prim_wrapper_init__parameterized27 is either unconnected or has no load
WARNING: [Synth 8-7129] Port DINB[7] in module blk_mem_gen_prim_wrapper_init__parameterized27 is either unconnected or has no load
WARNING: [Synth 8-7129] Port DINB[6] in module blk_mem_gen_prim_wrapper_init__parameterized27 is either unconnected or has no load
WARNING: [Synth 8-7129] Port DINB[5] in module blk_mem_gen_prim_wrapper_init__parameterized27 is either unconnected or has no load
WARNING: [Synth 8-7129] Port DINB[4] in module blk_mem_gen_prim_wrapper_init__parameterized27 is either unconnected or has no load
WARNING: [Synth 8-7129] Port DINB[3] in module blk_mem_gen_prim_wrapper_init__parameterized27 is either unconnected or has no load
WARNING: [Synth 8-7129] Port DINB[2] in module blk_mem_gen_prim_wrapper_init__parameterized27 is either unconnected or has no load
WARNING: [Synth 8-7129] Port DINB[1] in module blk_mem_gen_prim_wrapper_init__parameterized27 is either unconnected or has no load
WARNING: [Synth 8-7129] Port DINB[0] in module blk_mem_gen_prim_wrapper_init__parameterized27 is either unconnected or has no load
WARNING: [Synth 8-7129] Port SLEEP in module blk_mem_gen_prim_wrapper_init__parameterized27 is either unconnected or has no load
WARNING: [Synth 8-7129] Port INJECTSBITERR in module blk_mem_gen_prim_wrapper_init__parameterized27 is either unconnected or has no load
WARNING: [Synth 8-7129] Port INJECTDBITERR in module blk_mem_gen_prim_wrapper_init__parameterized27 is either unconnected or has no load
WARNING: [Synth 8-7129] Port ECCPIPECE in module blk_mem_gen_prim_wrapper_init__parameterized27 is either unconnected or has no load
WARNING: [Synth 8-7129] Port ram_rstram_b in module blk_mem_gen_prim_wrapper_init__parameterized27 is either unconnected or has no load
WARNING: [Synth 8-7129] Port ram_rstreg_b in module blk_mem_gen_prim_wrapper_init__parameterized27 is either unconnected or has no load
WARNING: [Synth 8-7129] Port REGCEA[0] in module blk_mem_gen_generic_cstr__parameterized1 is either unconnected or has no load
WARNING: [Synth 8-7129] Port WEA[1] in module blk_mem_gen_generic_cstr__parameterized1 is either unconnected or has no load
WARNING: [Synth 8-7129] Port REGCEB[0] in module blk_mem_gen_generic_cstr__parameterized1 is either unconnected or has no load
INFO: [Common 17-14] Message 'Synth 8-7129' appears 100 times and further instances of the messages will be disabled. Use the Tcl command set_msg_config to change the current settings.
---------------------------------------------------------------------------------
Finished RTL Elaboration : Time (s): cpu = 00:00:29 ; elapsed = 00:00:48 . Memory (MB): peak = 2458.543 ; gain = 1048.059
---------------------------------------------------------------------------------
---------------------------------------------------------------------------------
Start Handling Custom Attributes
---------------------------------------------------------------------------------
---------------------------------------------------------------------------------
Finished Handling Custom Attributes : Time (s): cpu = 00:00:29 ; elapsed = 00:00:48 . Memory (MB): peak = 2458.543 ; gain = 1048.059
---------------------------------------------------------------------------------
---------------------------------------------------------------------------------
Finished RTL Optimization Phase 1 : Time (s): cpu = 00:00:29 ; elapsed = 00:00:48 . Memory (MB): peak = 2458.543 ; gain = 1048.059
---------------------------------------------------------------------------------
Netlist sorting complete. Time (s): cpu = 00:00:00 ; elapsed = 00:00:00.147 . Memory (MB): peak = 2458.543 ; gain = 0.000
INFO: [Netlist 29-17] Analyzing 50 Unisim elements for replacement
INFO: [Netlist 29-28] Unisim Transformation completed in 0 CPU seconds
INFO: [Project 1-570] Preparing netlist for logic optimization

Processing XDC Constraints
Initializing timing engine
Parsing XDC File [c:/Users/kakkar3/Desktop/Final_Project/Final_Project.gen/sources_1/bd/mb_blink/ip/mb_blink_hdmi_text_controller_0_1/src/clk_wiz_0/clk_wiz_0.xdc] for cell 'inst/clk_wiz/inst'
Finished Parsing XDC File [c:/Users/kakkar3/Desktop/Final_Project/Final_Project.gen/sources_1/bd/mb_blink/ip/mb_blink_hdmi_text_controller_0_1/src/clk_wiz_0/clk_wiz_0.xdc] for cell 'inst/clk_wiz/inst'
Parsing XDC File [C:/Users/kakkar3/Desktop/Final_Project/Final_Project.runs/mb_blink_hdmi_text_controller_0_1_synth_1/dont_touch.xdc]
Finished Parsing XDC File [C:/Users/kakkar3/Desktop/Final_Project/Final_Project.runs/mb_blink_hdmi_text_controller_0_1_synth_1/dont_touch.xdc]
INFO: [Project 1-236] Implementation specific constraints were found while reading constraint file [C:/Users/kakkar3/Desktop/Final_Project/Final_Project.runs/mb_blink_hdmi_text_controller_0_1_synth_1/dont_touch.xdc]. These constraints will be ignored for synthesis but will be used in implementation. Impacted constraints are listed in the file [.Xil/mb_blink_hdmi_text_controller_0_1_propImpl.xdc].
Resolution: To avoid this warning, move constraints listed in [.Xil/mb_blink_hdmi_text_controller_0_1_propImpl.xdc] to another XDC file and exclude this new file from synthesis with the used_in_synthesis property (File Properties dialog in GUI) and re-run elaboration/synthesis.
Parsing XDC File [c:/Users/kakkar3/Desktop/Final_Project/Final_Project.gen/sources_1/bd/mb_blink/ip/mb_blink_hdmi_text_controller_0_1/src/clk_wiz_0/clk_wiz_0_late.xdc] for cell 'inst/clk_wiz/inst'
Finished Parsing XDC File [c:/Users/kakkar3/Desktop/Final_Project/Final_Project.gen/sources_1/bd/mb_blink/ip/mb_blink_hdmi_text_controller_0_1/src/clk_wiz_0/clk_wiz_0_late.xdc] for cell 'inst/clk_wiz/inst'
Completed Processing XDC Constraints

Netlist sorting complete. Time (s): cpu = 00:00:00 ; elapsed = 00:00:00.002 . Memory (MB): peak = 2458.543 ; gain = 0.000
INFO: [Project 1-111] Unisim Transformation Summary:
No Unisim elements were transformed.

Constraint Validation Runtime : Time (s): cpu = 00:00:00 ; elapsed = 00:00:00.098 . Memory (MB): peak = 2458.543 ; gain = 0.000
INFO: [Designutils 20-5008] Incremental synthesis strategy off
INFO: [Synth 8-11241] undeclared symbol 'REGCCE', assumed default net type 'wire' [C:/Xilinx/Vivado/2022.2/data/verilog/src/unimacro/BRAM_SINGLE_MACRO.v:2170]
---------------------------------------------------------------------------------
Finished Constraint Validation : Time (s): cpu = 00:00:38 ; elapsed = 00:00:57 . Memory (MB): peak = 2458.543 ; gain = 1048.059
---------------------------------------------------------------------------------
---------------------------------------------------------------------------------
Start Loading Part and Timing Information
---------------------------------------------------------------------------------
Loading part: xc7s50csga324-1
---------------------------------------------------------------------------------
Finished Loading Part and Timing Information : Time (s): cpu = 00:00:38 ; elapsed = 00:00:57 . Memory (MB): peak = 2458.543 ; gain = 1048.059
---------------------------------------------------------------------------------
---------------------------------------------------------------------------------
Start Applying 'set_property' XDC Constraints
---------------------------------------------------------------------------------
Applied set_property KEEP_HIERARCHY = SOFT for inst/clk_wiz/inst. (constraint file  C:/Users/kakkar3/Desktop/Final_Project/Final_Project.runs/mb_blink_hdmi_text_controller_0_1_synth_1/dont_touch.xdc, line 29).
Applied set_property KEEP_HIERARCHY = SOFT for inst/clk_wiz. (constraint file  auto generated constraint).
Applied set_property KEEP_HIERARCHY = SOFT for inst/vga_to_hdmi. (constraint file  auto generated constraint).
Applied set_property KEEP_HIERARCHY = SOFT for inst/color_instance/sprite/sprite_collection_rom/sprite_rom. (constraint file  auto generated constraint).
Applied set_property KEEP_HIERARCHY = SOFT for inst/color_instance/background/sprite_background_rom/bkg_bram. (constraint file  auto generated constraint).
Applied set_property KEEP_HIERARCHY = SOFT for inst/audio_instance/start_rom. (constraint file  auto generated constraint).
---------------------------------------------------------------------------------
Finished applying 'set_property' XDC Constraints : Time (s): cpu = 00:00:38 ; elapsed = 00:00:57 . Memory (MB): peak = 2458.543 ; gain = 1048.059
---------------------------------------------------------------------------------
---------------------------------------------------------------------------------
Finished RTL Optimization Phase 2 : Time (s): cpu = 00:00:42 ; elapsed = 00:01:02 . Memory (MB): peak = 2458.543 ; gain = 1048.059
---------------------------------------------------------------------------------
---------------------------------------------------------------------------------
Start RTL Component Statistics 
---------------------------------------------------------------------------------
Detailed RTL Component Info : 
+---Adders : 
	   2 Input   32 Bit       Adders := 1     
	   2 Input   14 Bit       Adders := 1     
	   3 Input   12 Bit       Adders := 66    
	   2 Input   12 Bit       Adders := 2     
	   2 Input   11 Bit       Adders := 70    
	   4 Input   11 Bit       Adders := 64    
	   3 Input   11 Bit       Adders := 2     
	   3 Input   10 Bit       Adders := 6     
	   2 Input   10 Bit       Adders := 6     
	   2 Input    8 Bit       Adders := 1     
	   2 Input    7 Bit       Adders := 1     
	   2 Input    6 Bit       Adders := 1     
	   5 Input    5 Bit       Adders := 6     
	   4 Input    5 Bit       Adders := 3     
	   8 Input    4 Bit       Adders := 6     
	   2 Input    4 Bit       Adders := 3     
	   3 Input    4 Bit       Adders := 1     
+---XORs : 
	   2 Input      1 Bit         XORs := 42    
+---Registers : 
	               32 Bit    Registers := 74    
	               16 Bit    Registers := 2     
	               15 Bit    Registers := 1     
	               14 Bit    Registers := 1     
	               12 Bit    Registers := 3     
	               11 Bit    Registers := 1     
	               10 Bit    Registers := 5     
	                9 Bit    Registers := 3     
	                8 Bit    Registers := 5     
	                7 Bit    Registers := 3     
	                6 Bit    Registers := 1     
	                5 Bit    Registers := 3     
	                4 Bit    Registers := 21    
	                2 Bit    Registers := 2     
	                1 Bit    Registers := 50    
+---Muxes : 
	   2 Input   32 Bit        Muxes := 210   
	  73 Input   32 Bit        Muxes := 1     
	   2 Input   27 Bit        Muxes := 63    
	   2 Input   15 Bit        Muxes := 2     
	   2 Input   14 Bit        Muxes := 1     
	  32 Input   12 Bit        Muxes := 2     
	   2 Input   12 Bit        Muxes := 6     
	   2 Input   11 Bit        Muxes := 5     
	   2 Input   10 Bit        Muxes := 16    
	  22 Input   10 Bit        Muxes := 1     
	   4 Input   10 Bit        Muxes := 2     
	   2 Input    8 Bit        Muxes := 365   
	   2 Input    7 Bit        Muxes := 1     
	   2 Input    6 Bit        Muxes := 3     
	   2 Input    5 Bit        Muxes := 14    
	   2 Input    4 Bit        Muxes := 34    
	   4 Input    4 Bit        Muxes := 4     
	   3 Input    4 Bit        Muxes := 2     
	   6 Input    4 Bit        Muxes := 3     
	   4 Input    2 Bit        Muxes := 6     
	   2 Input    1 Bit        Muxes := 371   
---------------------------------------------------------------------------------
Finished RTL Component Statistics 
---------------------------------------------------------------------------------
---------------------------------------------------------------------------------
Start Part Resource Summary
---------------------------------------------------------------------------------
Part Resources:
DSPs: 120 (col length:60)
BRAMs: 150 (col length: RAMB18 60 RAMB36 30)
---------------------------------------------------------------------------------
Finished Part Resource Summary
---------------------------------------------------------------------------------
---------------------------------------------------------------------------------
Start Cross Boundary and Area Optimization
---------------------------------------------------------------------------------
WARNING: [Synth 8-7080] Parallel synthesis criteria is not met
---------------------------------------------------------------------------------
Finished Cross Boundary and Area Optimization : Time (s): cpu = 00:02:13 ; elapsed = 00:02:34 . Memory (MB): peak = 3186.070 ; gain = 1775.586
---------------------------------------------------------------------------------
---------------------------------------------------------------------------------
Start Applying XDC Timing Constraints
---------------------------------------------------------------------------------
---------------------------------------------------------------------------------
Finished Applying XDC Timing Constraints : Time (s): cpu = 00:02:18 ; elapsed = 00:02:39 . Memory (MB): peak = 3186.070 ; gain = 1775.586
---------------------------------------------------------------------------------
---------------------------------------------------------------------------------
Start Timing Optimization
---------------------------------------------------------------------------------
---------------------------------------------------------------------------------
Finished Timing Optimization : Time (s): cpu = 00:02:18 ; elapsed = 00:02:39 . Memory (MB): peak = 3186.070 ; gain = 1775.586
---------------------------------------------------------------------------------
---------------------------------------------------------------------------------
Start Technology Mapping
---------------------------------------------------------------------------------
---------------------------------------------------------------------------------
Finished Technology Mapping : Time (s): cpu = 00:02:21 ; elapsed = 00:02:42 . Memory (MB): peak = 3186.070 ; gain = 1775.586
---------------------------------------------------------------------------------
---------------------------------------------------------------------------------
Start IO Insertion
---------------------------------------------------------------------------------
---------------------------------------------------------------------------------
Start Flattening Before IO Insertion
---------------------------------------------------------------------------------
---------------------------------------------------------------------------------
Finished Flattening Before IO Insertion
---------------------------------------------------------------------------------
---------------------------------------------------------------------------------
Start Final Netlist Cleanup
---------------------------------------------------------------------------------
---------------------------------------------------------------------------------
Finished Final Netlist Cleanup
---------------------------------------------------------------------------------
---------------------------------------------------------------------------------
Finished IO Insertion : Time (s): cpu = 00:02:25 ; elapsed = 00:02:46 . Memory (MB): peak = 3186.070 ; gain = 1775.586
---------------------------------------------------------------------------------
---------------------------------------------------------------------------------
Start Renaming Generated Instances
---------------------------------------------------------------------------------
---------------------------------------------------------------------------------
Finished Renaming Generated Instances : Time (s): cpu = 00:02:25 ; elapsed = 00:02:46 . Memory (MB): peak = 3186.070 ; gain = 1775.586
---------------------------------------------------------------------------------
---------------------------------------------------------------------------------
Start Rebuilding User Hierarchy
---------------------------------------------------------------------------------
---------------------------------------------------------------------------------
Finished Rebuilding User Hierarchy : Time (s): cpu = 00:02:25 ; elapsed = 00:02:47 . Memory (MB): peak = 3186.070 ; gain = 1775.586
---------------------------------------------------------------------------------
---------------------------------------------------------------------------------
Start Renaming Generated Ports
---------------------------------------------------------------------------------
---------------------------------------------------------------------------------
Finished Renaming Generated Ports : Time (s): cpu = 00:02:25 ; elapsed = 00:02:47 . Memory (MB): peak = 3186.070 ; gain = 1775.586
---------------------------------------------------------------------------------
---------------------------------------------------------------------------------
Start Handling Custom Attributes
---------------------------------------------------------------------------------
---------------------------------------------------------------------------------
Finished Handling Custom Attributes : Time (s): cpu = 00:02:26 ; elapsed = 00:02:47 . Memory (MB): peak = 3186.070 ; gain = 1775.586
---------------------------------------------------------------------------------
---------------------------------------------------------------------------------
Start Renaming Generated Nets
---------------------------------------------------------------------------------
---------------------------------------------------------------------------------
Finished Renaming Generated Nets : Time (s): cpu = 00:02:26 ; elapsed = 00:02:47 . Memory (MB): peak = 3186.070 ; gain = 1775.586
---------------------------------------------------------------------------------
---------------------------------------------------------------------------------
Start ROM, RAM, DSP, Shift Register and Retiming Reporting
---------------------------------------------------------------------------------

Static Shift Register Report:
+------------+----------------------+--------+-------+--------------+--------------------+-------------------+--------+---------+
|Module Name | RTL Name             | Length | Width | Reset Signal | Pull out first Reg | Pull out last Reg | SRL16E | SRLC32E | 
+------------+----------------------+--------+-------+--------------+--------------------+-------------------+--------+---------+
|hdmi_tx_0   | inst/encg/c0_reg_reg | 3      | 1     | NO           | NO                 | YES               | 1      | 0       | 
+------------+----------------------+--------+-------+--------------+--------------------+-------------------+--------+---------+

---------------------------------------------------------------------------------
Finished ROM, RAM, DSP, Shift Register and Retiming Reporting
---------------------------------------------------------------------------------
---------------------------------------------------------------------------------
Start Writing Synthesis Report
---------------------------------------------------------------------------------

Report BlackBoxes: 
+-+--------------+----------+
| |BlackBox name |Instances |
+-+--------------+----------+
+-+--------------+----------+

Report Cell Usage: 
+------+-----------+------+
|      |Cell       |Count |
+------+-----------+------+
|1     |BUFG       |     3|
|2     |CARRY4     |   906|
|3     |LUT1       |   286|
|4     |LUT2       |  1364|
|5     |LUT3       |  1006|
|6     |LUT4       |  2516|
|7     |LUT5       |  2971|
|8     |LUT6       |  4533|
|9     |MMCME2_ADV |     1|
|10    |MUXF7      |   149|
|11    |OSERDESE2  |     8|
|13    |RAMB18E1   |     3|
|16    |RAMB36E1   |    42|
|54    |SRL16E     |    39|
|55    |FDCE       |   102|
|56    |FDRE       |  2590|
|57    |FDSE       |     3|
|58    |OBUFDS     |     4|
+------+-----------+------+
---------------------------------------------------------------------------------
Finished Writing Synthesis Report : Time (s): cpu = 00:02:26 ; elapsed = 00:02:47 . Memory (MB): peak = 3186.070 ; gain = 1775.586
---------------------------------------------------------------------------------
Synthesis finished with 0 errors, 0 critical warnings and 1 warnings.
Synthesis Optimization Runtime : Time (s): cpu = 00:01:53 ; elapsed = 00:02:44 . Memory (MB): peak = 3186.070 ; gain = 1775.586
Synthesis Optimization Complete : Time (s): cpu = 00:02:26 ; elapsed = 00:02:48 . Memory (MB): peak = 3186.070 ; gain = 1775.586
INFO: [Project 1-571] Translating synthesized netlist
Netlist sorting complete. Time (s): cpu = 00:00:00 ; elapsed = 00:00:00.147 . Memory (MB): peak = 3186.070 ; gain = 0.000
INFO: [Netlist 29-17] Analyzing 1105 Unisim elements for replacement
INFO: [Netlist 29-28] Unisim Transformation completed in 0 CPU seconds
INFO: [Project 1-570] Preparing netlist for logic optimization
INFO: [Opt 31-138] Pushed 1 inverter(s) to 88 load pin(s).
Netlist sorting complete. Time (s): cpu = 00:00:00 ; elapsed = 00:00:00.003 . Memory (MB): peak = 3186.070 ; gain = 0.000
INFO: [Project 1-111] Unisim Transformation Summary:
No Unisim elements were transformed.

Synth Design complete, checksum: e815c242
INFO: [Common 17-83] Releasing license: Synthesis
91 Infos, 110 Warnings, 0 Critical Warnings and 0 Errors encountered.
synth_design completed successfully
synth_design: Time (s): cpu = 00:02:32 ; elapsed = 00:02:55 . Memory (MB): peak = 3186.070 ; gain = 2149.777
INFO: [Common 17-1381] The checkpoint 'C:/Users/kakkar3/Desktop/Final_Project/Final_Project.runs/mb_blink_hdmi_text_controller_0_1_synth_1/mb_blink_hdmi_text_controller_0_1.dcp' has been generated.
INFO: [Coretcl 2-1648] Added synthesis output to IP cache for IP mb_blink_hdmi_text_controller_0_1, cache-ID = c96c1a5fa997a6b3
INFO: [Coretcl 2-1174] Renamed 160 cell refs.
INFO: [Common 17-1381] The checkpoint 'C:/Users/kakkar3/Desktop/Final_Project/Final_Project.runs/mb_blink_hdmi_text_controller_0_1_synth_1/mb_blink_hdmi_text_controller_0_1.dcp' has been generated.
INFO: [runtcl-4] Executing : report_utilization -file mb_blink_hdmi_text_controller_0_1_utilization_synth.rpt -pb mb_blink_hdmi_text_controller_0_1_utilization_synth.pb
INFO: [Common 17-206] Exiting Vivado at Thu May  7 12:22:03 2026...
